[    1226ms] [WARNING] Caught a recoverable error. The site is still functional, but might have some UI flickering or degraded page load performance. If you are the author of this website, update external components and check recently added custom code or code overrides to fix the following server/client mismatches:
 Error: Minified React error #425; visit https://reactjs.org/docs/error-decoder.html?invariant=425 for the full message or use the non-minified dev environment for full errors and additional helpful warnings.
    at Ii (https://framerusercontent.com/sites/5jdzi9WnubpXCkXGKERBNe/react.CQRcszEY.mjs:6:68)
    at us (https://framerusercontent.com/sites/5jdzi9WnubpXCkXGKERBNe/react.CQRcszEY.mjs:8:14044)
    at ec (https://framerusercontent.com/sites/5jdzi9WnubpXCkXGKERBNe/react.CQRcszEY.mjs:8:37372)
    at $s (https://framerusercontent.com/sites/5jdzi9WnubpXCkXGKERBNe/react.CQRcszEY.mjs:8:37134)
    at Qs (https://framerusercontent.com/sites/5jdzi9WnubpXCkXGKERBNe/react.CQRcszEY.mjs:8:37046)
    at Ls (https://framerusercontent.com/sites/5jdzi9WnubpXCkXGKERBNe/react.CQRcszEY.mjs:8:32130)
    at wt (https://framerusercontent.com/sites/5jdzi9WnubpXCkXGKERBNe/react.CQRcszEY.mjs:1:10656)
    at MessagePort.Et (https://framerusercontent.com/sites/5jdzi9WnubpXCkXGKERBNe/react.CQRcszEY.mjs:1:11011) 
    at style
    at div
    at d (https://framerusercontent.com/sites/5jdzi9WnubpXCkXGKERBNe/RollingTextHover_Prod.CErjsyTU.mjs:1:244)
    at oE (https://framerusercontent.com/sites/5jdzi9WnubpXCkXGKERBNe/framer.BL294l_2.mjs:941:678)
    at Suspense
    at Mu (https://framerusercontent.com/sites/5jdzi9WnubpXCkXGKERBNe/framer.BL294l_2.mjs:65:14079)
    at Ru (https://framerusercontent.com/sites/5jdzi9WnubpXCkXGKERBNe/framer.BL294l_2.mjs:65:14743)
    at Lu (https://framerusercontent.com/sites/5jdzi9WnubpXCkXGKERBNe/framer.BL294l_2.mjs:65:14605)
    at Vu (https://framerusercontent.com/sites/5jdzi9WnubpXCkXGKERBNe/framer.BL294l_2.mjs:65:15014)
    at div
    at s (https://framerusercontent.com/sites/5jdzi9WnubpXCkXGKERBNe/motion.BTkcRier.mjs:9:5742)
    at https://framerusercontent.com/sites/5jdzi9WnubpXCkXGKERBNe/framer.BL294l_2.mjs:941:1848
    at https://framerusercontent.com/sites/5jdzi9WnubpXCkXGKERBNe/framer.BL294l_2.mjs:934:33531
    at div
    at s (https://framerusercontent.com/sites/5jdzi9WnubpXCkXGKERBNe/motion.BTkcRier.mjs:9:5742)
    at a
    at s (https://framerusercontent.com/sites/5jdzi9WnubpXCkXGKERBNe/motion.BTkcRier.mjs:9:5742)
    at https://framerusercontent.com/sites/5jdzi9WnubpXCkXGKERBNe/framer.BL294l_2.mjs:941:6958
    at Suspense
    at Mu (https://framerusercontent.com/sites/5jdzi9WnubpXCkXGKERBNe/framer.BL294l_2.mjs:65:14079)
    at Sd (https://framerusercontent.com/sites/5jdzi9WnubpXCkXGKERBNe/framer.BL294l_2.mjs:65:20946)
    at W (https://framerusercontent.com/sites/5jdzi9WnubpXCkXGKERBNe/oCFomJlwh.C9-tr5oO.mjs:1:1043)
    at s (https://framerusercontent.com/sites/5jdzi9WnubpXCkXGKERBNe/motion.BTkcRier.mjs:9:5742)
    at cf (https://framerusercontent.com/sites/5jdzi9WnubpXCkXGKERBNe/motion.BTkcRier.mjs:9:71306)
    at https://framerusercontent.com/sites/5jdzi9WnubpXCkXGKERBNe/oCFomJlwh.C9-tr5oO.mjs:1:2032
    at https://framerusercontent.com/sites/5jdzi9WnubpXCkXGKERBNe/framer.BL294l_2.mjs:96:56774
    at cf (https://framerusercontent.com/sites/5jdzi9WnubpXCkXGKERBNe/motion.BTkcRier.mjs:9:71306)
    at oo (https://framerusercontent.com/sites/5jdzi9WnubpXCkXGKERBNe/framer.BL294l_2.mjs:49:29808)
    at div
    at s (https://framerusercontent.com/sites/5jdzi9WnubpXCkXGKERBNe/motion.BTkcRier.mjs:9:5742)
    at https://framerusercontent.com/sites/5jdzi9WnubpXCkXGKERBNe/framer.BL294l_2.mjs:941:1367
    at https://framerusercontent.com/sites/5jdzi9WnubpXCkXGKERBNe/framer.BL294l_2.mjs:934:33718
    at https://framerusercontent.com/sites/5jdzi9WnubpXCkXGKERBNe/framer.BL294l_2.mjs:934:33531
    at div
    at div
    at div
    at s (https://framerusercontent.com/sites/5jdzi9WnubpXCkXGKERBNe/motion.BTkcRier.mjs:9:5742)
    at div
    at s (https://framerusercontent.com/sites/5jdzi9WnubpXCkXGKERBNe/motion.BTkcRier.mjs:9:5742)
    at cf (https://framerusercontent.com/sites/5jdzi9WnubpXCkXGKERBNe/motion.BTkcRier.mjs:9:71306)
    at https://framerusercontent.com/sites/5jdzi9WnubpXCkXGKERBNe/Lfwmp4QBOTST89bahyq2mbM7n_1Yw0UJWwJWsT7P_ms.CKdesieS.mjs:1:20435
    at https://framerusercontent.com/sites/5jdzi9WnubpXCkXGKERBNe/framer.BL294l_2.mjs:96:56774
    at https://framerusercontent.com/sites/5jdzi9WnubpXCkXGKERBNe/framer.BL294l_2.mjs:3:1056
    at Sp (https://framerusercontent.com/sites/5jdzi9WnubpXCkXGKERBNe/framer.BL294l_2.mjs:67:9469)
    at sx (https://framerusercontent.com/sites/5jdzi9WnubpXCkXGKERBNe/framer.BL294l_2.mjs:96:6217)
    at Suspense
    at Mu (https://framerusercontent.com/sites/5jdzi9WnubpXCkXGKERBNe/framer.BL294l_2.mjs:65:14079)
    at tE (https://framerusercontent.com/sites/5jdzi9WnubpXCkXGKERBNe/framer.BL294l_2.mjs:934:33817)
    at Af (https://framerusercontent.com/sites/5jdzi9WnubpXCkXGKERBNe/framer.BL294l_2.mjs:65:35583)
    at di (https://framerusercontent.com/sites/5jdzi9WnubpXCkXGKERBNe/framer.BL294l_2.mjs:49:7632)
    at https://framerusercontent.com/sites/5jdzi9WnubpXCkXGKERBNe/framer.BL294l_2.mjs:941:2407
    at https://framerusercontent.com/sites/5jdzi9WnubpXCkXGKERBNe/framer.BL294l_2.mjs:96:56774
    at kt (https://framerusercontent.com/sites/5jdzi9WnubpXCkXGKERBNe/framer.BL294l_2.mjs:3:3254)
    at xp (https://framerusercontent.com/sites/5jdzi9WnubpXCkXGKERBNe/framer.BL294l_2.mjs:67:3067)
    at np (https://framerusercontent.com/sites/5jdzi9WnubpXCkXGKERBNe/framer.BL294l_2.mjs:65:40461)
    at UD (https://framerusercontent.com/sites/5jdzi9WnubpXCkXGKERBNe/framer.BL294l_2.mjs:941:16587)
    at Mp (https://framerusercontent.com/sites/5jdzi9WnubpXCkXGKERBNe/framer.BL294l_2.mjs:67:11211)
    at yn (https://framerusercontent.com/sites/5jdzi9WnubpXCkXGKERBNe/framer.BL294l_2.mjs:7:9178)
    at sa (https://framerusercontent.com/sites/5jdzi9WnubpXCkXGKERBNe/motion.BTkcRier.mjs:9:1423)
    at ri (https://framerusercontent.com/sites/5jdzi9WnubpXCkXGKERBNe/framer.BL294l_2.mjs:49:7058)
    at Np (https://framerusercontent.com/sites/5jdzi9WnubpXCkXGKERBNe/framer.BL294l_2.mjs:67:11302)
    at jE (https://framerusercontent.com/sites/5jdzi9WnubpXCkXGKERBNe/framer.BL294l_2.mjs:941:5881)
    at fr (https://framerusercontent.com/sites/5jdzi9WnubpXCkXGKERBNe/framer.BL294l_2.mjs:7:17785) @ https://framerusercontent.com/sites/5jdzi9WnubpXCkXGKERBNe/script_main.DIsDhybC.mjs:0
[    1228ms] [WARNING] Caught a recoverable error. The site is still functional, but might have some UI flickering or degraded page load performance. If you are the author of this website, update external components and check recently added custom code or code overrides to fix the following server/client mismatches:
 Error: Minified React error #422; visit https://reactjs.org/docs/error-decoder.html?invariant=422 for the full message or use the non-minified dev environment for full errors and additional helpful warnings.
    at ns (https://framerusercontent.com/sites/5jdzi9WnubpXCkXGKERBNe/react.CQRcszEY.mjs:8:8255)
    at $o (https://framerusercontent.com/sites/5jdzi9WnubpXCkXGKERBNe/react.CQRcszEY.mjs:8:7196)
    at sp (https://framerusercontent.com/sites/5jdzi9WnubpXCkXGKERBNe/react.CQRcszEY.mjs:8:68461)
    at $s (https://framerusercontent.com/sites/5jdzi9WnubpXCkXGKERBNe/react.CQRcszEY.mjs:8:37073)
    at Qs (https://framerusercontent.com/sites/5jdzi9WnubpXCkXGKERBNe/react.CQRcszEY.mjs:8:37046)
    at Ls (https://framerusercontent.com/sites/5jdzi9WnubpXCkXGKERBNe/react.CQRcszEY.mjs:8:32130)
    at wt (https://framerusercontent.com/sites/5jdzi9WnubpXCkXGKERBNe/react.CQRcszEY.mjs:1:10656)
    at MessagePort.Et (https://framerusercontent.com/sites/5jdzi9WnubpXCkXGKERBNe/react.CQRcszEY.mjs:1:11011) null @ https://framerusercontent.com/sites/5jdzi9WnubpXCkXGKERBNe/script_main.DIsDhybC.mjs:0
[    1228ms] [WARNING] Caught a recoverable error. The site is still functional, but might have some UI flickering or degraded page load performance. If you are the author of this website, update external components and check recently added custom code or code overrides to fix the following server/client mismatches:
 Error: Minified React error #425; visit https://reactjs.org/docs/error-decoder.html?invariant=425 for the full message or use the non-minified dev environment for full errors and additional helpful warnings.
    at Ii (https://framerusercontent.com/sites/5jdzi9WnubpXCkXGKERBNe/react.CQRcszEY.mjs:6:68)
    at us (https://framerusercontent.com/sites/5jdzi9WnubpXCkXGKERBNe/react.CQRcszEY.mjs:8:14044)
    at ec (https://framerusercontent.com/sites/5jdzi9WnubpXCkXGKERBNe/react.CQRcszEY.mjs:8:37372)
    at $s (https://framerusercontent.com/sites/5jdzi9WnubpXCkXGKERBNe/react.CQRcszEY.mjs:8:37134)
    at Qs (https://framerusercontent.com/sites/5jdzi9WnubpXCkXGKERBNe/react.CQRcszEY.mjs:8:37046)
    at Ls (https://framerusercontent.com/sites/5jdzi9WnubpXCkXGKERBNe/react.CQRcszEY.mjs:8:32130)
    at wt (https://framerusercontent.com/sites/5jdzi9WnubpXCkXGKERBNe/react.CQRcszEY.mjs:1:10656)
    at MessagePort.Et (https://framerusercontent.com/sites/5jdzi9WnubpXCkXGKERBNe/react.CQRcszEY.mjs:1:11011) 
    at style
    at div
    at d (https://framerusercontent.com/sites/5jdzi9WnubpXCkXGKERBNe/RollingTextHover_Prod.CErjsyTU.mjs:1:244)
    at oE (https://framerusercontent.com/sites/5jdzi9WnubpXCkXGKERBNe/framer.BL294l_2.mjs:941:678)
    at Suspense
    at Mu (https://framerusercontent.com/sites/5jdzi9WnubpXCkXGKERBNe/framer.BL294l_2.mjs:65:14079)
    at Ru (https://framerusercontent.com/sites/5jdzi9WnubpXCkXGKERBNe/framer.BL294l_2.mjs:65:14743)
    at Lu (https://framerusercontent.com/sites/5jdzi9WnubpXCkXGKERBNe/framer.BL294l_2.mjs:65:14605)
    at Vu (https://framerusercontent.com/sites/5jdzi9WnubpXCkXGKERBNe/framer.BL294l_2.mjs:65:15014)
    at div
    at s (https://framerusercontent.com/sites/5jdzi9WnubpXCkXGKERBNe/motion.BTkcRier.mjs:9:5742)
    at https://framerusercontent.com/sites/5jdzi9WnubpXCkXGKERBNe/framer.BL294l_2.mjs:941:1848
    at https://framerusercontent.com/sites/5jdzi9WnubpXCkXGKERBNe/framer.BL294l_2.mjs:934:33531
    at div
    at s (https://framerusercontent.com/sites/5jdzi9WnubpXCkXGKERBNe/motion.BTkcRier.mjs:9:5742)
    at a
    at s (https://framerusercontent.com/sites/5jdzi9WnubpXCkXGKERBNe/motion.BTkcRier.mjs:9:5742)
    at https://framerusercontent.com/sites/5jdzi9WnubpXCkXGKERBNe/framer.BL294l_2.mjs:941:6958
    at Suspense
    at Mu (https://framerusercontent.com/sites/5jdzi9WnubpXCkXGKERBNe/framer.BL294l_2.mjs:65:14079)
    at Sd (https://framerusercontent.com/sites/5jdzi9WnubpXCkXGKERBNe/framer.BL294l_2.mjs:65:20946)
    at W (https://framerusercontent.com/sites/5jdzi9WnubpXCkXGKERBNe/oCFomJlwh.C9-tr5oO.mjs:1:1043)
    at s (https://framerusercontent.com/sites/5jdzi9WnubpXCkXGKERBNe/motion.BTkcRier.mjs:9:5742)
    at cf (https://framerusercontent.com/sites/5jdzi9WnubpXCkXGKERBNe/motion.BTkcRier.mjs:9:71306)
    at https://framerusercontent.com/sites/5jdzi9WnubpXCkXGKERBNe/oCFomJlwh.C9-tr5oO.mjs:1:2032
    at https://framerusercontent.com/sites/5jdzi9WnubpXCkXGKERBNe/framer.BL294l_2.mjs:96:56774
    at cf (https://framerusercontent.com/sites/5jdzi9WnubpXCkXGKERBNe/motion.BTkcRier.mjs:9:71306)
    at oo (https://framerusercontent.com/sites/5jdzi9WnubpXCkXGKERBNe/framer.BL294l_2.mjs:49:29808)
    at div
    at s (https://framerusercontent.com/sites/5jdzi9WnubpXCkXGKERBNe/motion.BTkcRier.mjs:9:5742)
    at https://framerusercontent.com/sites/5jdzi9WnubpXCkXGKERBNe/framer.BL294l_2.mjs:941:1367
    at https://framerusercontent.com/sites/5jdzi9WnubpXCkXGKERBNe/framer.BL294l_2.mjs:934:33718
    at https://framerusercontent.com/sites/5jdzi9WnubpXCkXGKERBNe/framer.BL294l_2.mjs:934:33531
    at div
    at div
    at div
    at s (https://framerusercontent.com/sites/5jdzi9WnubpXCkXGKERBNe/motion.BTkcRier.mjs:9:5742)
    at div
    at s (https://framerusercontent.com/sites/5jdzi9WnubpXCkXGKERBNe/motion.BTkcRier.mjs:9:5742)
    at cf (https://framerusercontent.com/sites/5jdzi9WnubpXCkXGKERBNe/motion.BTkcRier.mjs:9:71306)
    at https://framerusercontent.com/sites/5jdzi9WnubpXCkXGKERBNe/Lfwmp4QBOTST89bahyq2mbM7n_1Yw0UJWwJWsT7P_ms.CKdesieS.mjs:1:20435
    at https://framerusercontent.com/sites/5jdzi9WnubpXCkXGKERBNe/framer.BL294l_2.mjs:96:56774
    at https://framerusercontent.com/sites/5jdzi9WnubpXCkXGKERBNe/framer.BL294l_2.mjs:3:1056
    at Sp (https://framerusercontent.com/sites/5jdzi9WnubpXCkXGKERBNe/framer.BL294l_2.mjs:67:9469)
    at sx (https://framerusercontent.com/sites/5jdzi9WnubpXCkXGKERBNe/framer.BL294l_2.mjs:96:6217)
    at Suspense
    at Mu (https://framerusercontent.com/sites/5jdzi9WnubpXCkXGKERBNe/framer.BL294l_2.mjs:65:14079)
    at tE (https://framerusercontent.com/sites/5jdzi9WnubpXCkXGKERBNe/framer.BL294l_2.mjs:934:33817)
    at Af (https://framerusercontent.com/sites/5jdzi9WnubpXCkXGKERBNe/framer.BL294l_2.mjs:65:35583)
    at di (https://framerusercontent.com/sites/5jdzi9WnubpXCkXGKERBNe/framer.BL294l_2.mjs:49:7632)
    at https://framerusercontent.com/sites/5jdzi9WnubpXCkXGKERBNe/framer.BL294l_2.mjs:941:2407
    at https://framerusercontent.com/sites/5jdzi9WnubpXCkXGKERBNe/framer.BL294l_2.mjs:96:56774
    at kt (https://framerusercontent.com/sites/5jdzi9WnubpXCkXGKERBNe/framer.BL294l_2.mjs:3:3254)
    at xp (https://framerusercontent.com/sites/5jdzi9WnubpXCkXGKERBNe/framer.BL294l_2.mjs:67:3067)
    at np (https://framerusercontent.com/sites/5jdzi9WnubpXCkXGKERBNe/framer.BL294l_2.mjs:65:40461)
    at UD (https://framerusercontent.com/sites/5jdzi9WnubpXCkXGKERBNe/framer.BL294l_2.mjs:941:16587)
    at Mp (https://framerusercontent.com/sites/5jdzi9WnubpXCkXGKERBNe/framer.BL294l_2.mjs:67:11211)
    at yn (https://framerusercontent.com/sites/5jdzi9WnubpXCkXGKERBNe/framer.BL294l_2.mjs:7:9178)
    at sa (https://framerusercontent.com/sites/5jdzi9WnubpXCkXGKERBNe/motion.BTkcRier.mjs:9:1423)
    at ri (https://framerusercontent.com/sites/5jdzi9WnubpXCkXGKERBNe/framer.BL294l_2.mjs:49:7058)
    at Np (https://framerusercontent.com/sites/5jdzi9WnubpXCkXGKERBNe/framer.BL294l_2.mjs:67:11302)
    at jE (https://framerusercontent.com/sites/5jdzi9WnubpXCkXGKERBNe/framer.BL294l_2.mjs:941:5881)
    at fr (https://framerusercontent.com/sites/5jdzi9WnubpXCkXGKERBNe/framer.BL294l_2.mjs:7:17785) @ https://framerusercontent.com/sites/5jdzi9WnubpXCkXGKERBNe/script_main.DIsDhybC.mjs:0
[    1228ms] [WARNING] Caught a recoverable error. The site is still functional, but might have some UI flickering or degraded page load performance. If you are the author of this website, update external components and check recently added custom code or code overrides to fix the following server/client mismatches:
 Error: Minified React error #422; visit https://reactjs.org/docs/error-decoder.html?invariant=422 for the full message or use the non-minified dev environment for full errors and additional helpful warnings.
    at ns (https://framerusercontent.com/sites/5jdzi9WnubpXCkXGKERBNe/react.CQRcszEY.mjs:8:8255)
    at $o (https://framerusercontent.com/sites/5jdzi9WnubpXCkXGKERBNe/react.CQRcszEY.mjs:8:7196)
    at sp (https://framerusercontent.com/sites/5jdzi9WnubpXCkXGKERBNe/react.CQRcszEY.mjs:8:68461)
    at $s (https://framerusercontent.com/sites/5jdzi9WnubpXCkXGKERBNe/react.CQRcszEY.mjs:8:37073)
    at Qs (https://framerusercontent.com/sites/5jdzi9WnubpXCkXGKERBNe/react.CQRcszEY.mjs:8:37046)
    at Ls (https://framerusercontent.com/sites/5jdzi9WnubpXCkXGKERBNe/react.CQRcszEY.mjs:8:32130)
    at wt (https://framerusercontent.com/sites/5jdzi9WnubpXCkXGKERBNe/react.CQRcszEY.mjs:1:10656)
    at MessagePort.Et (https://framerusercontent.com/sites/5jdzi9WnubpXCkXGKERBNe/react.CQRcszEY.mjs:1:11011) null @ https://framerusercontent.com/sites/5jdzi9WnubpXCkXGKERBNe/script_main.DIsDhybC.mjs:0
[    3525ms] [LOG] [Framer On-Page Editing] Unavailable because not on a `framer.app` subdomain and access status is no-auth @ https://app.framerstatic.com/editorbar.DX7ROCOS.mjs:0
